#
# A fatal error has been detected by the Java Runtime Environment:
#
#  EXCEPTION_ACCESS_VIOLATION (0xc0000005) at pc=0x000000006fa84439, pid=18200, tid=12352
#
# JRE version: Java(TM) SE Runtime Environment (7.0_80-b15) (build 1.7.0_80-b15)
# Java VM: Java HotSpot(TM) 64-Bit Server VM (24.80-b11 mixed mode windows-amd64 compressed oops)
# Problematic frame:
# V  [jvm.dll+0x54439]
#
# Failed to write core dump. Minidumps are not enabled by default on client versions of Windows
#
# If you would like to submit a bug report, please visit:
#   http://bugreport.java.com/bugreport/crash.jsp
#

---------------  T H R E A D  ---------------

Current thread (0x000000000ccb7000):  JavaThread "JDWP Transport Listener: dt_socket" daemon [_thread_in_vm, id=12352, stack(0x000000000e560000,0x000000000e660000)]

siginfo: ExceptionCode=0xc0000005, reading address 0x000000000000000c

Registers:
RAX=0x000000000000000c, RBX=0x000000000ccb7000, RCX=0x0000000000000003, RDX=0x0000000000000000
RSP=0x000000000e65f180, RBP=0x000000000000000c, RSI=0x0000000000000000, RDI=0x0000000000000010
R8 =0x00000007d6f54de0, R9 =0x0000000000000000, R10=0x0000000000000000, R11=0x0000000000000001
R12=0x0000000000000000, R13=0x000000000b5e83b8, R14=0x0000000000000000, R15=0x0000000000000000
RIP=0x000000006fa84439, EFLAGS=0x0000000000010246

Top of Stack: (sp=0x000000000e65f180)
0x000000000e65f180:   000000000ccb7000 0000000000000000
0x000000000e65f190:   0000000000000000 000000000ccb7000
0x000000000e65f1a0:   0000000000000000 000000006fb4dad7
0x000000000e65f1b0:   00000007d6f54de0 000000000e65f2d0
0x000000000e65f1c0:   000000000b5e6f38 000000000e65f2a0
0x000000000e65f1d0:   000000000ccb7000 0000000000000000
0x000000000e65f1e0:   000000000b5e6f38 000000000e65f2d0
0x000000000e65f1f0:   0000000000000000 000000000b5e83b8
0x000000000e65f200:   0000000000000000 000000006f9b7d15
0x000000000e65f210:   000000000e65f2a0 000000000e65f2d0
0x000000000e65f220:   000000000b5e6f38 000000000ccb71e8
0x000000000e65f230:   000000000ccf0d0a 000000006f9bf090
0x000000000e65f240:   000000000b010a01 000000000e65f340
0x000000000e65f250:   000000000b5e7f01 0000000000000007
0x000000000e65f260:   00000be400000013 000000000b010a00
0x000000000e65f270:   000000000ccd0ab0 000000006fc01f8d 

Instructions: (pc=0x000000006fa84439)
0x000000006fa84419:   d2 48 8b c5 eb 18 48 8b d0 48 8b c5 48 d3 e2 48
0x000000006fa84429:   03 15 81 64 6a 00 eb 06 48 8b 12 48 8b c7 48 98
0x000000006fa84439:   8b 14 10 85 d2 74 2a 45 84 db 4c 63 c6 48 0f 45
0x000000006fa84449:   fd 8d 47 0b 48 63 c8 48 83 e1 f8 48 c1 e9 03 8d 


Register to memory mapping:

RAX=0x000000000000000c is an unknown value
RBX=0x000000000ccb7000 is a thread
RCX=0x0000000000000003 is an unknown value
RDX=0x0000000000000000 is an unknown value
RSP=0x000000000e65f180 is pointing into the stack for thread: 0x000000000ccb7000
RBP=0x000000000000000c is an unknown value
RSI=0x0000000000000000 is an unknown value
RDI=0x0000000000000010 is an unknown value
R8 =0x00000007d6f54de0 is an oop
java.lang.String 
 - klass: 'java/lang/String'
R9 =0x0000000000000000 is an unknown value
R10=0x0000000000000000 is an unknown value
R11=0x0000000000000001 is an unknown value
R12=0x0000000000000000 is an unknown value
R13=0x000000000b5e83b8 is an unknown value
R14=0x0000000000000000 is an unknown value
R15=0x0000000000000000 is an unknown value


Stack: [0x000000000e560000,0x000000000e660000],  sp=0x000000000e65f180,  free space=1020k
Native frames: (J=compiled Java code, j=interpreted, Vv=VM code, C=native code)
V  [jvm.dll+0x54439]


---------------  P R O C E S S  ---------------

Java Threads: ( => current thread )
  0x000000000ccdb800 JavaThread "Service Thread" daemon [_thread_blocked, id=11416, stack(0x000000000ea60000,0x000000000eb60000)]
  0x000000000ccd4800 JavaThread "C2 CompilerThread1" daemon [_thread_blocked, id=5264, stack(0x000000000e960000,0x000000000ea60000)]
  0x000000000ccd3000 JavaThread "C2 CompilerThread0" daemon [_thread_blocked, id=20780, stack(0x000000000e860000,0x000000000e960000)]
  0x000000000ccc5000 JavaThread "JDWP Command Reader" daemon [_thread_in_native, id=28184, stack(0x000000000e760000,0x000000000e860000)]
  0x000000000ccc3000 JavaThread "JDWP Event Helper Thread" daemon [_thread_blocked, id=25744, stack(0x000000000e660000,0x000000000e760000)]
=>0x000000000ccb7000 JavaThread "JDWP Transport Listener: dt_socket" daemon [_thread_in_vm, id=12352, stack(0x000000000e560000,0x000000000e660000)]
  0x0000000002df6800 JavaThread "Attach Listener" daemon [_thread_blocked, id=27088, stack(0x000000000e120000,0x000000000e220000)]
  0x0000000002df6000 JavaThread "Signal Dispatcher" daemon [_thread_blocked, id=15452, stack(0x000000000e020000,0x000000000e120000)]
  0x000000000b5f2000 JavaThread "Finalizer" daemon [_thread_blocked, id=14404, stack(0x000000000df20000,0x000000000e020000)]
  0x000000000b5e7000 JavaThread "Reference Handler" daemon [_thread_blocked, id=15508, stack(0x000000000de20000,0x000000000df20000)]
  0x0000000002cfe000 JavaThread "main" [_thread_blocked, id=4400, stack(0x0000000002bf0000,0x0000000002cf0000)]

Other Threads:
  0x000000000b5e1800 VMThread [stack: 0x000000000dd20000,0x000000000de20000] [id=12596]
  0x000000000cce7800 WatcherThread [stack: 0x000000000eb60000,0x000000000ec60000] [id=25368]

VM state:not at safepoint (normal execution)

VM Mutex/Monitor currently owned by a thread: None

Heap
 PSYoungGen      total 36864K, used 1904K [0x00000007d6f00000, 0x00000007d9800000, 0x0000000800000000)
  eden space 31744K, 6% used [0x00000007d6f00000,0x00000007d70dc390,0x00000007d8e00000)
  from space 5120K, 0% used [0x00000007d9300000,0x00000007d9300000,0x00000007d9800000)
  to   space 5120K, 0% used [0x00000007d8e00000,0x00000007d8e00000,0x00000007d9300000)
 ParOldGen       total 83968K, used 0K [0x0000000784e00000, 0x000000078a000000, 0x00000007d6f00000)
  object space 83968K, 0% used [0x0000000784e00000,0x0000000784e00000,0x000000078a000000)
 PSPermGen       total 21504K, used 2506K [0x000000077fc00000, 0x0000000781100000, 0x0000000784e00000)
  object space 21504K, 11% used [0x000000077fc00000,0x000000077fe72928,0x0000000781100000)

Card table byte_map: [0x0000000005ec0000,0x00000000062d0000] byte_map_base: 0x00000000022c2000

Polling page: 0x0000000000e80000

Code Cache  [0x0000000002e00000, 0x0000000003070000, 0x0000000005e00000)
 total_blobs=158 nmethods=0 adapters=134 free_code_cache=48776Kb largest_free_block=49946624

Compilation events (0 events):
No events

GC Heap History (0 events):
No events

Deoptimization events (0 events):
No events

Internal exceptions (2 events):
Event: 0.064 Thread 0x0000000002cfe000 Threw 0x00000007d6f0a2e8 at C:\re\jdk7u80\2329\hotspot\src\share\vm\prims\jni.cpp:3991
Event: 0.221 Thread 0x0000000002cfe000 Threw 0x00000007d6f4eca0 at C:\re\jdk7u80\2329\hotspot\src\share\vm\prims\jvm.cpp:1319

Events (10 events):
Event: 2.607 Executing VM operation: GetCurrentLocation
Event: 2.607 Executing VM operation: GetCurrentLocation done
Event: 2.607 Executing VM operation: ChangeSingleStep
Event: 2.607 Executing VM operation: ChangeSingleStep done
Event: 2.608 Executing VM operation: ChangeSingleStep
Event: 2.608 Executing VM operation: ChangeSingleStep done
Event: 2.623 Executing VM operation: GetOrSetLocal
Event: 2.624 Executing VM operation: GetOrSetLocal done
Event: 2.627 Executing VM operation: GetOrSetLocal
Event: 2.627 Executing VM operation: GetOrSetLocal done


Dynamic libraries:
0x00007ff6880b0000 - 0x00007ff6880e3000 	C:\Program Files\Java\jdk1.7.0_80\bin\javaw.exe
0x00007ffa0adc0000 - 0x00007ffa0b028000 	C:\WINDOWS\SYSTEM32\ntdll.dll
0x00007ffa09c40000 - 0x00007ffa09d09000 	C:\WINDOWS\System32\KERNEL32.DLL
0x00007ffa08620000 - 0x00007ffa08a12000 	C:\WINDOWS\System32\KERNELBASE.dll
0x00007ffa0a1a0000 - 0x00007ffa0a254000 	C:\WINDOWS\System32\ADVAPI32.dll
0x00007ffa09b90000 - 0x00007ffa09c39000 	C:\WINDOWS\System32\msvcrt.dll
0x00007ffa09130000 - 0x00007ffa091d6000 	C:\WINDOWS\System32\sechost.dll
0x00007ffa0ac60000 - 0x00007ffa0ad78000 	C:\WINDOWS\System32\RPCRT4.dll
0x00007ffa091e0000 - 0x00007ffa093a5000 	C:\WINDOWS\System32\USER32.dll
0x00007ffa08b60000 - 0x00007ffa08b87000 	C:\WINDOWS\System32\win32u.dll
0x00007ffa09b60000 - 0x00007ffa09b8b000 	C:\WINDOWS\System32\GDI32.dll
0x00007ffa07f50000 - 0x00007ffa0807d000 	C:\WINDOWS\System32\gdi32full.dll
0x00007ffa08a20000 - 0x00007ffa08ac3000 	C:\WINDOWS\System32\msvcp_win.dll
0x00007ffa08120000 - 0x00007ffa0826b000 	C:\WINDOWS\System32\ucrtbase.dll
0x00007ff9f64c0000 - 0x00007ff9f6753000 	C:\WINDOWS\WinSxS\amd64_microsoft.windows.common-controls_6595b64144ccf1df_6.0.26100.6899_none_3e0efeeae32e88c1\COMCTL32.dll
0x00007ffa08c20000 - 0x00007ffa08c4f000 	C:\WINDOWS\System32\IMM32.DLL
0x0000000070210000 - 0x00000000702e2000 	C:\Program Files\Java\jdk1.7.0_80\jre\bin\msvcr100.dll
0x000000006fa30000 - 0x0000000070209000 	C:\Program Files\Java\jdk1.7.0_80\jre\bin\server\jvm.dll
0x00007ffa0a890000 - 0x00007ffa0a898000 	C:\WINDOWS\System32\PSAPI.DLL
0x00007ff9d0060000 - 0x00007ff9d006a000 	C:\WINDOWS\SYSTEM32\WSOCK32.dll
0x00007ffa08b90000 - 0x00007ffa08c04000 	C:\WINDOWS\System32\WS2_32.dll
0x00007ff9ffa40000 - 0x00007ff9ffa75000 	C:\WINDOWS\SYSTEM32\WINMM.dll
0x000000006fa20000 - 0x000000006fa2f000 	C:\Program Files\Java\jdk1.7.0_80\jre\bin\verify.dll
0x000000006f9f0000 - 0x000000006fa18000 	C:\Program Files\Java\jdk1.7.0_80\jre\bin\java.dll
0x000000006f9b0000 - 0x000000006f9e5000 	C:\Program Files\Java\jdk1.7.0_80\jre\bin\jdwp.dll
0x000000006f9a0000 - 0x000000006f9a8000 	C:\Program Files\Java\jdk1.7.0_80\jre\bin\npt.dll
0x000000006f980000 - 0x000000006f996000 	C:\Program Files\Java\jdk1.7.0_80\jre\bin\zip.dll
0x000000006f970000 - 0x000000006f979000 	C:\Program Files\Java\jdk1.7.0_80\jre\bin\dt_socket.dll
0x00007ff9e5e60000 - 0x00007ff9e5e78000 	C:\WINDOWS\system32\napinsp.dll
0x00007ffa07290000 - 0x00007ffa072fb000 	C:\WINDOWS\System32\mswsock.dll
0x00007ffa065f0000 - 0x00007ffa06716000 	C:\WINDOWS\SYSTEM32\DNSAPI.dll
0x00007ffa065b0000 - 0x00007ffa065e4000 	C:\WINDOWS\SYSTEM32\IPHLPAPI.DLL
0x00007ffa08d60000 - 0x00007ffa08d6a000 	C:\WINDOWS\System32\NSI.dll
0x00007ff9e4c90000 - 0x00007ff9e4ca2000 	C:\WINDOWS\System32\winrnr.dll
0x00007ff9e4c60000 - 0x00007ff9e4c88000 	C:\WINDOWS\system32\nlansp_c.dll
0x00007ff9e4bb0000 - 0x00007ff9e4bc6000 	C:\WINDOWS\system32\wshbth.dll
0x00007ff9fedd0000 - 0x00007ff9fee56000 	C:\WINDOWS\System32\fwpuclnt.dll
0x00007ff9ff830000 - 0x00007ff9ff83b000 	C:\Windows\System32\rasadhlp.dll
0x00007ffa05440000 - 0x00007ffa05682000 	C:\WINDOWS\SYSTEM32\dbghelp.dll
0x00007ffa08db0000 - 0x00007ffa0912b000 	C:\WINDOWS\System32\combase.dll
0x00007ffa0a4d0000 - 0x00007ffa0a5a7000 	C:\WINDOWS\System32\OLEAUT32.dll
0x00007ffa08080000 - 0x00007ffa08118000 	C:\WINDOWS\System32\bcryptPrimitives.dll

VM Arguments:
jvm_args: -agentlib:jdwp=transport=dt_socket,suspend=y,address=localhost:54784 -Dfile.encoding=Cp1252 
java_command: com.java_programs.Dummy
Launcher Type: SUN_STANDARD

Environment Variables:
JAVA_HOME=C:\Program Files\Java\jdk1.8.0_202
PATH=C:\Program Files\Java\jdk1.7.0_80\jre\bin;C:\Program Files (x86)\Common Files\Oracle\Java\javapath;C:\WINDOWS\system32;C:\WINDOWS;C:\WINDOWS\System32\Wbem;C:\WINDOWS\System32\WindowsPowerShell\v1.0\;C:\WINDOWS\System32\OpenSSH\;C:\Program Files\dotnet\;C:\Program Files\nodejs\;C:\Program Files\Git\cmd;C:\Program Files\Java\jdk1.8.0_202\bin;C:\Program Files\MySQL\MySQL Shell 8.0\bin\;C:\Users\DELL\AppData\Local\Microsoft\WindowsApps;C:\Users\DELL\AppData\Local\Programs\Microsoft VS Code\bin;C:\Users\DELL\AppData\Roaming\npm;
USERNAME=DELL
OS=Windows_NT
PROCESSOR_IDENTIFIER=Intel64 Family 6 Model 154 Stepping 4, GenuineIntel



---------------  S Y S T E M  ---------------

OS: Windows 8.1 , 64 bit Build 9600 

CPU:total 12 (6 cores per cpu, 2 threads per core) family 6 model 154 stepping 4, cmov, cx8, fxsr, mmx, sse, sse2, sse3, ssse3, sse4.1, sse4.2, popcnt, avx, avx2, aes, erms, ht, tsc, tscinvbit

Memory: 4k page, physical 8065780k(1364256k free), swap 21256856k(5946144k free)

vm_info: Java HotSpot(TM) 64-Bit Server VM (24.80-b11) for windows-amd64 JRE (1.7.0_80-b15), built on Apr 10 2015 11:26:34 by "java_re" with unknown MS VC++:1600

time: Thu Nov 06 11:29:01 2025
elapsed time: 2 seconds

